// Jest Snapshot v1, https://goo.gl/fbAQLP

exports[`entityRelationshipMap has properties and derived properties 1`] = `
Object {
  "CLUSTER": Object {
    "1-children": "NAMESPACE NODE ROLE",
    "2-parents": "",
    "3-matches        ": "CONTROL",
    "4-extendedMatches": "",
    "5-getMatches     ": "CONTROL",
    "6-getContains        ": "COMPONENT CONTROL CVE DEPLOYMENT IMAGE NAMESPACE NODE POLICY ROLE SECRET SERVICE_ACCOUNT SUBJECT",
    "7-isContainedInferred": "COMPONENT CONTROL CVE DEPLOYMENT IMAGE POLICY SECRET SERVICE_ACCOUNT SUBJECT",
  },
  "COMPONENT": Object {
    "1-children": "CVE",
    "2-parents": "",
    "3-matches        ": "IMAGE",
    "4-extendedMatches": "DEPLOYMENT",
    "5-getMatches     ": "DEPLOYMENT IMAGE",
    "6-getContains        ": "CVE",
    "7-isContainedInferred": "",
  },
  "CONTROL": Object {
    "1-children": "",
    "2-parents": "",
    "3-matches        ": "CLUSTER DEPLOYMENT NODE",
    "4-extendedMatches": "",
    "5-getMatches     ": "CLUSTER DEPLOYMENT NODE",
    "6-getContains        ": "",
    "7-isContainedInferred": "",
  },
  "CVE": Object {
    "1-children": "",
    "2-parents": "",
    "3-matches        ": "COMPONENT",
    "4-extendedMatches": "DEPLOYMENT IMAGE",
    "5-getMatches     ": "COMPONENT DEPLOYMENT IMAGE",
    "6-getContains        ": "",
    "7-isContainedInferred": "",
  },
  "DEPLOYMENT": Object {
    "1-children": "IMAGE",
    "2-parents": "CLUSTER NAMESPACE",
    "3-matches        ": "CONTROL POLICY SECRET SERVICE_ACCOUNT",
    "4-extendedMatches": "",
    "5-getMatches     ": "CONTROL POLICY SECRET SERVICE_ACCOUNT",
    "6-getContains        ": "COMPONENT CVE IMAGE",
    "7-isContainedInferred": "COMPONENT CVE",
  },
  "IMAGE": Object {
    "1-children": "COMPONENT",
    "2-parents": "",
    "3-matches        ": "DEPLOYMENT",
    "4-extendedMatches": "",
    "5-getMatches     ": "DEPLOYMENT",
    "6-getContains        ": "COMPONENT CVE",
    "7-isContainedInferred": "CVE",
  },
  "NAMESPACE": Object {
    "1-children": "DEPLOYMENT SECRET SERVICE_ACCOUNT",
    "2-parents": "CLUSTER",
    "3-matches        ": "",
    "4-extendedMatches": "",
    "5-getMatches     ": "",
    "6-getContains        ": "COMPONENT CONTROL CVE DEPLOYMENT IMAGE POLICY ROLE SECRET SERVICE_ACCOUNT",
    "7-isContainedInferred": "COMPONENT CONTROL CVE IMAGE POLICY ROLE",
  },
  "NODE": Object {
    "1-children": "",
    "2-parents": "CLUSTER",
    "3-matches        ": "CONTROL",
    "4-extendedMatches": "",
    "5-getMatches     ": "CONTROL",
    "6-getContains        ": "",
    "7-isContainedInferred": "",
  },
  "POLICY": Object {
    "1-children": "",
    "2-parents": "",
    "3-matches        ": "DEPLOYMENT",
    "4-extendedMatches": "",
    "5-getMatches     ": "DEPLOYMENT",
    "6-getContains        ": "",
    "7-isContainedInferred": "",
  },
  "ROLE": Object {
    "1-children": "",
    "2-parents": "CLUSTER",
    "3-matches        ": "SERVICE_ACCOUNT SUBJECT",
    "4-extendedMatches": "",
    "5-getMatches     ": "SERVICE_ACCOUNT SUBJECT",
    "6-getContains        ": "",
    "7-isContainedInferred": "",
  },
  "SECRET": Object {
    "1-children": "",
    "2-parents": "NAMESPACE",
    "3-matches        ": "DEPLOYMENT",
    "4-extendedMatches": "",
    "5-getMatches     ": "DEPLOYMENT",
    "6-getContains        ": "",
    "7-isContainedInferred": "",
  },
  "SERVICE_ACCOUNT": Object {
    "1-children": "",
    "2-parents": "NAMESPACE",
    "3-matches        ": "DEPLOYMENT ROLE",
    "4-extendedMatches": "",
    "5-getMatches     ": "DEPLOYMENT ROLE",
    "6-getContains        ": "",
    "7-isContainedInferred": "",
  },
  "SUBJECT": Object {
    "1-children": "",
    "2-parents": "",
    "3-matches        ": "ROLE",
    "4-extendedMatches": "",
    "5-getMatches     ": "ROLE",
    "6-getContains        ": "",
    "7-isContainedInferred": "",
  },
}
`;
